triangle number for 10 is 55
square of 10 is sum of two triangles: 100
And X should remain thirteen: 13
