2+3*5=17
3*(1+2)/(5-1)2.25
5*-2=-10
2^3^2=512 (should be 2^9=512, not 8^2=64)
5 > 3 + 1 gives 1
3 * 2 < 5 gives 0
5 > 3 and 7 > 5 gives 1
5 > 3 and 3 > 5 gives 0
5 > 3 or 3 > 5 gives 1
