abs(-8) = 8
int(atn(1)*10000) = 7853
int(tan(0.785)*10000) = 9992
int(cos(pi)*10000) = -9999
int(exp(4)) = 54
int(log(10)*10000) = 23025
int(sin(pi/6)*10000) = 4999
sgn(-2) = -1
int(sqr(100000)) = 316
F 88 lah ft ri 11
