before sub1
in the sub
after sub1
before sub2
in the sub
after sub2
