x=x*x=5041
x=y=x+y=181
line: 12
word1=word2=wolf hare
