10
30
50
70
90
110
done
130
done
150
done
170
done
190
done
210
done
Runtime error (line #8): No such label: RETREAT
